<?xml version="1.0" encoding="UTF-8"?>
<testsuites name="jest tests" tests="8" failures="0" time="15.861">
  <testsuite name="Icon" errors="0" failures="0" skipped="0" timestamp="2019-06-06T02:48:17" time="11.766" tests="2">
    <testcase classname="Icon render success" name="Icon render success" time="0.04">
    </testcase>
    <testcase classname="Icon onClick" name="Icon onClick" time="0.127">
    </testcase>
  </testsuite>
  <testsuite name="button" errors="0" failures="0" skipped="0" timestamp="2019-06-06T02:48:29" time="0.831" tests="1">
    <testcase classname="button 是个 div" name="button 是个 div" time="0.02">
    </testcase>
  </testsuite>
  <testsuite name="classes" errors="0" failures="0" skipped="0" timestamp="2019-06-06T02:48:30" time="0.477" tests="5">
    <testcase classname="classes 接受1个 className" name="classes 接受1个 className" time="0.005">
    </testcase>
    <testcase classname="classes 接受2个 className" name="classes 接受2个 className" time="0.001">
    </testcase>
    <testcase classname="classes 接受undefined" name="classes 接受undefined" time="0.001">
    </testcase>
    <testcase classname="classes 接受奇怪参数" name="classes 接受奇怪参数" time="0">
    </testcase>
    <testcase classname="classes 接受空字符串" name="classes 接受空字符串" time="0.001">
    </testcase>
  </testsuite>
</testsuites>